andamio
name: output | shorthand: o | type: string
andamio apikey
andamio apikey profile
andamio apikey usage
andamio auth
andamio auth login
name: api-key | shorthand:  | type: string
andamio auth status
andamio config
andamio config remove-submit-header
andamio config set-submit-header
andamio config set-submit-url
andamio config set-url
andamio config show
andamio course
andamio course assignment
andamio course create-module
name: approve | shorthand:  | type: bool
name: code | shorthand:  | type: string
name: course-id | shorthand:  | type: string
name: slt | shorthand:  | type: stringArray
name: sort-order | shorthand:  | type: int
name: title | shorthand:  | type: string
andamio course credential
andamio course credential compute-hash
name: file | shorthand:  | type: string
name: slt | shorthand:  | type: stringArray
andamio course credential verify-hash
andamio course export
name: course | shorthand:  | type: string
name: force | shorthand:  | type: bool
name: output-dir | shorthand:  | type: string
andamio course get
andamio course import
name: course | shorthand:  | type: string
name: course-id | shorthand:  | type: string
name: create | shorthand:  | type: bool
name: dry-run | shorthand:  | type: bool
name: show-payload | shorthand:  | type: bool
name: sort-order | shorthand:  | type: int
andamio course import-all
name: continue-on-error | shorthand:  | type: bool
name: course | shorthand:  | type: string
name: course-id | shorthand:  | type: string
name: create | shorthand:  | type: bool
name: dry-run | shorthand:  | type: bool
name: show-payload | shorthand:  | type: bool
name: sort-order-start | shorthand:  | type: int
andamio course import-assignment
name: course | shorthand:  | type: string
name: description | shorthand:  | type: string
name: dry-run | shorthand:  | type: bool
name: show-payload | shorthand:  | type: bool
name: title | shorthand:  | type: string
andamio course intro
andamio course lesson
andamio course list
andamio course modules
name: course | shorthand:  | type: string
andamio course owner
andamio course owner create
name: category | shorthand:  | type: string
name: course-id | shorthand:  | type: string
name: description | shorthand:  | type: string
name: image-url | shorthand:  | type: string
name: pending-tx-hash | shorthand:  | type: string
name: public | shorthand:  | type: bool
name: title | shorthand:  | type: string
name: video-url | shorthand:  | type: string
andamio course owner list
andamio course owner register
name: category | shorthand:  | type: string
name: course-id | shorthand:  | type: string
name: description | shorthand:  | type: string
name: image-url | shorthand:  | type: string
name: public | shorthand:  | type: bool
name: title | shorthand:  | type: string
name: tx-hash | shorthand:  | type: string
name: video-url | shorthand:  | type: string
andamio course owner teachers
name: add | shorthand:  | type: stringArray
name: alias | shorthand:  | type: string
name: course-id | shorthand:  | type: string
name: metadata | shorthand:  | type: stringArray
name: no-wait | shorthand:  | type: bool
name: remove | shorthand:  | type: stringArray
name: skey | shorthand:  | type: string
name: submit-header | shorthand:  | type: stringArray
name: submit-url | shorthand:  | type: string
name: timeout | shorthand:  | type: duration
andamio course owner update
name: course-id | shorthand:  | type: string
name: description | shorthand:  | type: string
name: image-url | shorthand:  | type: string
name: live | shorthand:  | type: bool
name: public | shorthand:  | type: bool
name: title | shorthand:  | type: string
name: video-url | shorthand:  | type: string
andamio course slts
name: course | shorthand:  | type: string
andamio course student
andamio course student claim
andamio course student commitment
andamio course student commitments
andamio course student courses
andamio course student create
andamio course student credentials
andamio course student leave
andamio course student submit
andamio course student update
andamio course teacher
andamio course teacher commitments
name: course-id | shorthand:  | type: string
andamio course teacher delete-module
name: course-id | shorthand:  | type: string
name: module-code | shorthand:  | type: string
andamio course teacher publish-module
name: course-id | shorthand:  | type: string
name: module-code | shorthand:  | type: string
andamio course teacher register-module
name: course-id | shorthand:  | type: string
name: module-code | shorthand:  | type: string
name: slt-hash | shorthand:  | type: string
andamio course teacher review
name: course-id | shorthand:  | type: string
name: decision | shorthand:  | type: string
name: module-code | shorthand:  | type: string
name: participant-alias | shorthand:  | type: string
andamio course teacher update-module-status
name: course-id | shorthand:  | type: string
name: module-code | shorthand:  | type: string
name: slt-hash | shorthand:  | type: string
name: status | shorthand:  | type: string
andamio dev
andamio dev keys
andamio dev keys create
name: environment | shorthand:  | type: string
name: name | shorthand:  | type: string
andamio dev keys delete
andamio dev keys list
andamio dev login
name: address | shorthand:  | type: string
name: alias | shorthand:  | type: string
name: skey | shorthand:  | type: string
andamio dev logout
andamio dev refresh
andamio dev status
andamio exit-codes
andamio manager
andamio manager projects
andamio project
andamio project contributor
andamio project contributor commit
andamio project contributor commitment
andamio project contributor commitments
andamio project contributor delete
andamio project contributor list
andamio project contributor update
andamio project get
andamio project list
andamio project manager
andamio project manager commitments
name: project-id | shorthand:  | type: string
andamio project manager qualified-contributors
name: project-id | shorthand:  | type: string
andamio project owner
andamio project owner create
name: category | shorthand:  | type: string
name: description | shorthand:  | type: string
name: image-url | shorthand:  | type: string
name: pending-tx-hash | shorthand:  | type: string
name: project-id | shorthand:  | type: string
name: public | shorthand:  | type: bool
name: title | shorthand:  | type: string
name: video-url | shorthand:  | type: string
andamio project owner list
andamio project owner register
name: category | shorthand:  | type: string
name: description | shorthand:  | type: string
name: image-url | shorthand:  | type: string
name: project-id | shorthand:  | type: string
name: public | shorthand:  | type: bool
name: title | shorthand:  | type: string
name: tx-hash | shorthand:  | type: string
name: video-url | shorthand:  | type: string
andamio project owner update
name: description | shorthand:  | type: string
name: image-url | shorthand:  | type: string
name: project-id | shorthand:  | type: string
name: public | shorthand:  | type: bool
name: title | shorthand:  | type: string
name: video-url | shorthand:  | type: string
andamio project task
andamio project task compute-hash
name: content | shorthand:  | type: string
name: expiration | shorthand:  | type: string
name: file | shorthand:  | type: string
name: lovelace | shorthand:  | type: string
name: token | shorthand:  | type: stringArray
andamio project task create
name: content | shorthand:  | type: string
name: content-file | shorthand:  | type: string
name: expiration | shorthand:  | type: string
name: github-issue | shorthand:  | type: string
name: lovelace | shorthand:  | type: string
name: title | shorthand:  | type: string
name: token | shorthand:  | type: stringArray
andamio project task delete
name: project-id | shorthand:  | type: string
andamio project task export
andamio project task get
name: project-id | shorthand:  | type: string
andamio project task import
name: dry-run | shorthand:  | type: bool
andamio project task list
andamio project task update
name: content | shorthand:  | type: string
name: content-file | shorthand:  | type: string
name: expiration | shorthand:  | type: string
name: lovelace | shorthand:  | type: string
name: project-id | shorthand:  | type: string
name: title | shorthand:  | type: string
name: token | shorthand:  | type: stringArray
andamio project task verify-hash
andamio project tasks
andamio spec
andamio spec fetch
andamio spec paths
name: filter | shorthand:  | type: string
andamio teacher
andamio teacher assessment
andamio teacher assessment build
name: alias | shorthand:  | type: string
name: course-id | shorthand:  | type: string
name: decision | shorthand:  | type: stringArray
name: decisions-file | shorthand:  | type: string
andamio teacher assignments
andamio teacher assignments get
andamio teacher assignments list
name: course | shorthand:  | type: string
andamio teacher courses
andamio token
andamio token list
andamio tx
andamio tx build
name: body | shorthand:  | type: string
name: body-file | shorthand:  | type: string
andamio tx pending
andamio tx register
name: instance-id | shorthand:  | type: string
name: tx-hash | shorthand:  | type: string
name: tx-type | shorthand:  | type: string
andamio tx run
name: body | shorthand:  | type: string
name: body-file | shorthand:  | type: string
name: instance-id | shorthand:  | type: string
name: metadata | shorthand:  | type: stringArray
name: no-wait | shorthand:  | type: bool
name: skey | shorthand:  | type: string
name: submit-header | shorthand:  | type: stringArray
name: submit-url | shorthand:  | type: string
name: timeout | shorthand:  | type: duration
name: tx-type | shorthand:  | type: string
andamio tx sign
name: skey | shorthand:  | type: string
name: tx | shorthand:  | type: string
name: tx-file | shorthand:  | type: string
andamio tx status
andamio tx submit
name: submit-header | shorthand:  | type: stringArray
name: submit-url | shorthand:  | type: string
name: tx | shorthand:  | type: string
name: tx-file | shorthand:  | type: string
andamio tx types
andamio user
andamio user exists
andamio user login
name: address | shorthand:  | type: string
name: alias | shorthand:  | type: string
name: skey | shorthand:  | type: string
andamio user logout
andamio user me
andamio user status
