andamio - <flag list (if any)> ... 
name: output | type: string
andamio apikey - <flag list (if any)> ... 
andamio apikey profile - <flag list (if any)> ... 
andamio apikey usage - <flag list (if any)> ... 
andamio auth - <flag list (if any)> ... 
andamio auth login - <flag list (if any)> ... 
name: api-key | type: string
andamio auth status - <flag list (if any)> ... 
andamio config - <flag list (if any)> ... 
andamio config remove-submit-header - <flag list (if any)> ... 
andamio config set-submit-header - <flag list (if any)> ... 
andamio config set-submit-url - <flag list (if any)> ... 
andamio config set-url - <flag list (if any)> ... 
andamio config show - <flag list (if any)> ... 
andamio course - <flag list (if any)> ... 
andamio course assignment - <flag list (if any)> ... 
andamio course create-module - <flag list (if any)> ... 
name: approve | type: bool
name: code | type: string
name: course-id | type: string
name: slt | type: stringArray
name: sort-order | type: int
name: title | type: string
andamio course credential - <flag list (if any)> ... 
andamio course credential compute-hash - <flag list (if any)> ... 
name: file | type: string
name: slt | type: stringArray
andamio course credential verify-hash - <flag list (if any)> ... 
andamio course export - <flag list (if any)> ... 
name: course | type: string
name: force | type: bool
name: output-dir | type: string
andamio course get - <flag list (if any)> ... 
andamio course import - <flag list (if any)> ... 
name: course | type: string
name: course-id | type: string
name: create | type: bool
name: dry-run | type: bool
name: show-payload | type: bool
name: sort-order | type: int
andamio course import-all - <flag list (if any)> ... 
name: continue-on-error | type: bool
name: course | type: string
name: course-id | type: string
name: create | type: bool
name: dry-run | type: bool
name: show-payload | type: bool
name: sort-order-start | type: int
andamio course intro - <flag list (if any)> ... 
andamio course lesson - <flag list (if any)> ... 
andamio course list - <flag list (if any)> ... 
andamio course modules - <flag list (if any)> ... 
name: course | type: string
andamio course owner - <flag list (if any)> ... 
andamio course owner create - <flag list (if any)> ... 
name: category | type: string
name: course-id | type: string
name: description | type: string
name: image-url | type: string
name: pending-tx-hash | type: string
name: public | type: bool
name: title | type: string
name: video-url | type: string
andamio course owner list - <flag list (if any)> ... 
andamio course owner register - <flag list (if any)> ... 
name: category | type: string
name: course-id | type: string
name: description | type: string
name: image-url | type: string
name: public | type: bool
name: title | type: string
name: tx-hash | type: string
name: video-url | type: string
andamio course owner teachers - <flag list (if any)> ... 
name: add | type: stringArray
name: alias | type: string
name: course-id | type: string
name: metadata | type: stringArray
name: no-wait | type: bool
name: remove | type: stringArray
name: skey | type: string
name: submit-header | type: stringArray
name: submit-url | type: string
name: timeout | type: duration
andamio course owner update - <flag list (if any)> ... 
name: course-id | type: string
name: description | type: string
name: image-url | type: string
name: live | type: bool
name: public | type: bool
name: title | type: string
name: video-url | type: string
andamio course slts - <flag list (if any)> ... 
name: course | type: string
andamio course student - <flag list (if any)> ... 
andamio course student claim - <flag list (if any)> ... 
andamio course student commitment - <flag list (if any)> ... 
andamio course student commitments - <flag list (if any)> ... 
andamio course student courses - <flag list (if any)> ... 
andamio course student create - <flag list (if any)> ... 
andamio course student credentials - <flag list (if any)> ... 
andamio course student leave - <flag list (if any)> ... 
andamio course student submit - <flag list (if any)> ... 
andamio course student update - <flag list (if any)> ... 
andamio course teacher - <flag list (if any)> ... 
andamio course teacher commitments - <flag list (if any)> ... 
name: course-id | type: string
andamio course teacher delete-module - <flag list (if any)> ... 
name: course-id | type: string
name: module-code | type: string
andamio course teacher publish-module - <flag list (if any)> ... 
name: course-id | type: string
name: module-code | type: string
andamio course teacher register-module - <flag list (if any)> ... 
name: course-id | type: string
name: module-code | type: string
name: slt-hash | type: string
andamio course teacher review - <flag list (if any)> ... 
name: course-id | type: string
name: decision | type: string
name: module-code | type: string
name: participant-alias | type: string
andamio course teacher update-module-status - <flag list (if any)> ... 
name: course-id | type: string
name: module-code | type: string
name: slt-hash | type: string
name: status | type: string
andamio dev - <flag list (if any)> ... 
andamio dev keys - <flag list (if any)> ... 
andamio dev keys create - <flag list (if any)> ... 
name: environment | type: string
name: name | type: string
andamio dev keys delete - <flag list (if any)> ... 
andamio dev keys list - <flag list (if any)> ... 
andamio dev login - <flag list (if any)> ... 
name: address | type: string
name: alias | type: string
name: skey | type: string
andamio dev logout - <flag list (if any)> ... 
andamio dev refresh - <flag list (if any)> ... 
andamio dev status - <flag list (if any)> ... 
andamio exit-codes - <flag list (if any)> ... 
andamio manager - <flag list (if any)> ... 
andamio manager projects - <flag list (if any)> ... 
andamio project - <flag list (if any)> ... 
andamio project contributor - <flag list (if any)> ... 
andamio project contributor commit - <flag list (if any)> ... 
andamio project contributor commitment - <flag list (if any)> ... 
andamio project contributor commitments - <flag list (if any)> ... 
andamio project contributor delete - <flag list (if any)> ... 
andamio project contributor list - <flag list (if any)> ... 
andamio project contributor update - <flag list (if any)> ... 
andamio project get - <flag list (if any)> ... 
andamio project list - <flag list (if any)> ... 
andamio project manager - <flag list (if any)> ... 
andamio project manager commitments - <flag list (if any)> ... 
name: project-id | type: string
andamio project manager qualified-contributors - <flag list (if any)> ... 
name: project-id | type: string
andamio project owner - <flag list (if any)> ... 
andamio project owner create - <flag list (if any)> ... 
name: category | type: string
name: description | type: string
name: image-url | type: string
name: pending-tx-hash | type: string
name: project-id | type: string
name: public | type: bool
name: title | type: string
name: video-url | type: string
andamio project owner list - <flag list (if any)> ... 
andamio project owner register - <flag list (if any)> ... 
name: category | type: string
name: description | type: string
name: image-url | type: string
name: project-id | type: string
name: public | type: bool
name: title | type: string
name: tx-hash | type: string
name: video-url | type: string
andamio project owner update - <flag list (if any)> ... 
name: description | type: string
name: image-url | type: string
name: project-id | type: string
name: public | type: bool
name: title | type: string
name: video-url | type: string
andamio project task - <flag list (if any)> ... 
andamio project task compute-hash - <flag list (if any)> ... 
name: content | type: string
name: expiration | type: string
name: file | type: string
name: lovelace | type: string
name: token | type: stringArray
andamio project task create - <flag list (if any)> ... 
name: content | type: string
name: content-file | type: string
name: expiration | type: string
name: github-issue | type: string
name: lovelace | type: string
name: title | type: string
name: token | type: stringArray
andamio project task delete - <flag list (if any)> ... 
name: project-id | type: string
andamio project task export - <flag list (if any)> ... 
andamio project task get - <flag list (if any)> ... 
name: project-id | type: string
andamio project task import - <flag list (if any)> ... 
name: dry-run | type: bool
andamio project task list - <flag list (if any)> ... 
andamio project task update - <flag list (if any)> ... 
name: content | type: string
name: content-file | type: string
name: expiration | type: string
name: lovelace | type: string
name: project-id | type: string
name: title | type: string
name: token | type: stringArray
andamio project task verify-hash - <flag list (if any)> ... 
andamio project tasks - <flag list (if any)> ... 
andamio spec - <flag list (if any)> ... 
andamio spec fetch - <flag list (if any)> ... 
andamio spec paths - <flag list (if any)> ... 
name: filter | type: string
andamio teacher - <flag list (if any)> ... 
andamio teacher assessment - <flag list (if any)> ... 
andamio teacher assessment build - <flag list (if any)> ... 
name: alias | type: string
name: course-id | type: string
name: decision | type: stringArray
name: decisions-file | type: string
andamio teacher assignments - <flag list (if any)> ... 
andamio teacher assignments get - <flag list (if any)> ... 
andamio teacher assignments list - <flag list (if any)> ... 
name: course | type: string
andamio teacher courses - <flag list (if any)> ... 
andamio token - <flag list (if any)> ... 
andamio token list - <flag list (if any)> ... 
andamio tx - <flag list (if any)> ... 
andamio tx build - <flag list (if any)> ... 
name: body | type: string
name: body-file | type: string
andamio tx pending - <flag list (if any)> ... 
andamio tx register - <flag list (if any)> ... 
name: instance-id | type: string
name: tx-hash | type: string
name: tx-type | type: string
andamio tx run - <flag list (if any)> ... 
name: body | type: string
name: body-file | type: string
name: instance-id | type: string
name: metadata | type: stringArray
name: no-wait | type: bool
name: skey | type: string
name: submit-header | type: stringArray
name: submit-url | type: string
name: timeout | type: duration
name: tx-type | type: string
andamio tx sign - <flag list (if any)> ... 
name: skey | type: string
name: tx | type: string
name: tx-file | type: string
andamio tx status - <flag list (if any)> ... 
andamio tx submit - <flag list (if any)> ... 
name: submit-header | type: stringArray
name: submit-url | type: string
name: tx | type: string
name: tx-file | type: string
andamio tx types - <flag list (if any)> ... 
andamio user - <flag list (if any)> ... 
andamio user exists - <flag list (if any)> ... 
andamio user login - <flag list (if any)> ... 
name: address | type: string
name: alias | type: string
name: skey | type: string
andamio user logout - <flag list (if any)> ... 
andamio user me - <flag list (if any)> ... 
andamio user status - <flag list (if any)> ... 
