Config.APIKey string json:"api_key"
Config.BaseURL string json:"base_url"
Config.UserJWT string json:"user_jwt,omitempty"
Config.JWTExpiresAt string json:"jwt_expires_at,omitempty"
Config.UserAlias string json:"user_alias,omitempty"
Config.UserID string json:"user_id,omitempty"
Config.UserKeyHash string json:"user_key_hash,omitempty"
Config.DevJWT string json:"dev_jwt,omitempty"
Config.DevJWTExpiresAt string json:"dev_jwt_expires_at,omitempty"
Config.DevAlias string json:"dev_alias,omitempty"
Config.DevID string json:"dev_id,omitempty"
Config.DevKeyHash string json:"dev_key_hash,omitempty"
Config.DevTier string json:"dev_tier,omitempty"
Config.DevRefreshToken string json:"dev_refresh_token,omitempty"
Config.DevRefreshTokenExpiresAt string json:"dev_refresh_token_expires_at,omitempty"
Config.SubmitURL string json:"submit_url,omitempty"
Config.SubmitHeaders map[string]string json:"submit_headers,omitempty"
Issue.Code string json:"code"
Issue.Message string json:"message"
Issue.QuestionID string json:"question_id,omitempty"
Summary.QuestionCount int json:"question_count"
Summary.PassThreshold int json:"pass_threshold"
Summary.QuestionIDs []string json:"question_ids"
CreateModuleResult.CourseID string json:"course_id"
CreateModuleResult.ModuleCode string json:"module_code"
CreateModuleResult.Title string json:"title"
CreateModuleResult.SortOrder int json:"sort_order"
CreateModuleResult.SltHash string json:"slt_hash,omitempty"
CreateModuleResult.ModuleStatus string json:"module_status,omitempty"
ExportResult.CourseID string json:"course_id"
ExportResult.CourseSlug string json:"course_slug"
ExportResult.ModuleCode string json:"module_code"
ExportResult.Title string json:"title"
ExportResult.Status string json:"status"
ExportResult.OutputDir string json:"output_dir"
ExportResult.Files []string json:"files"
ExportResult.Images int json:"images"
ExportResult.SLTs []string json:"slts"
ImportResult.CourseID string json:"course_id"
ImportResult.ModuleCode string json:"module_code"
ImportResult.Title string json:"title"
ImportResult.ModuleStatus string json:"module_status"
ImportResult.SLTsLocked bool json:"slts_locked"
ImportResult.SLTCount int json:"slt_count"
ImportResult.SltHash string json:"slt_hash,omitempty"
ImportResult.LessonCount int json:"lesson_count"
ImportResult.HasIntro bool json:"has_introduction"
ImportResult.HasAssignment bool json:"has_assignment"
ImportResult.AssignmentQuiz *quiz.Summary json:"assignment_quiz,omitempty"
ImportResult.ManifestUsed int json:"manifest_images"
ImportResult.ImagesUploaded int json:"images_uploaded,omitempty"
ImportResult.FailedImages []string json:"failed_images,omitempty"
ImportResult.DryRun bool json:"dry_run,omitempty"
ImportResult.Changes map[string]interface{} json:"changes"
ModuleImportSummary.Dir string json:"dir"
ModuleImportSummary.Code string json:"code"
ModuleImportSummary.Title string json:"title"
ModuleImportSummary.Result *ImportResult json:"result,omitempty"
ModuleImportSummary.Error string json:"error,omitempty"
RegisterModuleEnvelope.Action string json:"action"
RegisterModuleEnvelope.Status string json:"status"
RegisterModuleEnvelope.SltHash string json:"slt_hash"
RegisterModuleEnvelope.AdvancedFrom *string json:"advanced_from"
RegisterModuleEnvelope.Response map[string]any json:"response"
devLogoutResult.Cleared bool json:"cleared"
devSessionResult.Alias string json:"alias"
devSessionResult.DevID string json:"dev_id,omitempty"
devSessionResult.Tier string json:"tier,omitempty"
devSessionResult.KeyHash string json:"key_hash,omitempty"
devSessionResult.JWTExpiresAt string json:"jwt_expires_at"
devSessionResult.RefreshTokenExpiresAt string json:"refresh_token_expires_at"
devStatusResult.APIKeySet bool json:"api_key_set"
devStatusResult.BaseURL string json:"base_url"
devStatusResult.DevAuthenticated bool json:"dev_authenticated"
devStatusResult.DevAlias string json:"dev_alias,omitempty"
devStatusResult.DevID string json:"dev_id,omitempty"
devStatusResult.DevTier string json:"dev_tier,omitempty"
devStatusResult.DevKeyHash string json:"dev_key_hash,omitempty"
devStatusResult.JWTExpiresAt string json:"jwt_expires_at,omitempty"
devStatusResult.JWTExpired *bool json:"jwt_expired,omitempty"
devStatusResult.JWTRemainingSeconds int64 json:"jwt_remaining_seconds"
devStatusResult.RefreshTokenStored bool json:"refresh_token_stored"
devStatusResult.RefreshTokenExpiresAt string json:"refresh_token_expires_at,omitempty"
devStatusResult.RefreshTokenExpired *bool json:"refresh_token_expired,omitempty"
devStatusResult.RefreshTokenRemainingSeconds int64 json:"refresh_token_remaining_seconds"
secureLoginResponse.UserID string json:"user_id"
secureLoginResponse.Alias string json:"alias"
secureLoginResponse.Tier string json:"tier"
secureLoginResponse.JWT struct{Token string; ExpiresAt string} json:"jwt"
secureLoginResponse.RefreshToken struct{Token string; ExpiresAt string} json:"refresh_token"
devKeyListItem.ID string json:"id"
devKeyListItem.Name string json:"name"
devKeyListItem.Environment string json:"environment"
devKeyListItem.Last4 string json:"last4"
devKeyListItem.CreatedAt time.Time json:"created_at"
devKeysCreateRequest.Name string json:"name"
devKeysCreateRequest.Environment string json:"environment"
devKeysCreateResponse.ID string json:"id"
devKeysCreateResponse.Name string json:"name"
devKeysCreateResponse.Environment string json:"environment"
devKeysCreateResponse.Key devRawKey json:"key"
devKeysCreateResponse.Last4 string json:"last4"
devKeysCreateResponse.CreatedAt time.Time json:"created_at"
devKeysDeleteResult.ID string json:"id"
devKeysDeleteResult.Deleted bool json:"deleted"
devKeysListResponse.Keys []devKeyListItem json:"keys"
qualifiedContributorsEnvelope.Data qualifiedContributorsResponse json:"data"
qualifiedContributorsResponse.ProjectID string json:"project_id"
qualifiedContributorsResponse.Aliases []string json:"aliases"
qualifiedContributorsResponse.TotalCount int json:"total_count"
qualifiedContributorsResponse.Truncated bool json:"truncated"
qualifiedContributorsResponse.Status string json:"status,omitempty"
TaskExportResult.ProjectID string json:"project_id"
TaskExportResult.Directory string json:"directory"
TaskExportResult.TasksExported int json:"tasks_exported"
TaskExportResult.Files []string json:"files"
TaskImportResult.ProjectID string json:"project_id"
TaskImportResult.Directory string json:"directory"
TaskImportResult.Created int json:"tasks_created"
TaskImportResult.Updated int json:"tasks_updated"
TaskImportResult.Skipped int json:"tasks_skipped"
TaskImportResult.Errors int json:"errors"
TaskImportResult.DryRun bool json:"dry_run,omitempty"
TaskToken.PolicyID string json:"policy_id"
TaskToken.AssetName string json:"asset_name"
TaskToken.Quantity string json:"quantity"
specPathEntry.Method string json:"method"
specPathEntry.Path string json:"path"
specPathEntry.Summary string json:"summary"
AssessmentBuildEnvelope.UnsignedTx string json:"unsigned_tx"
AssessmentBuildEnvelope.CourseID string json:"course_id"
AssessmentBuildEnvelope.TeacherAlias string json:"teacher_alias"
AssessmentBuildEnvelope.Decisions []AssessmentDecision json:"decisions"
AssessmentBuildEnvelope.DecisionCount int json:"decision_count"
AssessmentDecision.Alias string json:"alias"
AssessmentDecision.Outcome string json:"outcome"
RunResult.TxHash string json:"tx_hash,omitempty"
RunResult.TxType string json:"tx_type"
RunResult.State string json:"state"
RunResult.Step string json:"step"
RunResult.BuildResponse map[string]interface{} json:"build_response,omitempty"
RunResult.Error string json:"error,omitempty"
userStatusResult.APIKeySet bool json:"api_key_set"
userStatusResult.BaseURL string json:"base_url"
userStatusResult.UserAuthenticated bool json:"user_authenticated"
userStatusResult.UserAlias string json:"user_alias,omitempty"
userStatusResult.UserID string json:"user_id,omitempty"
userStatusResult.SessionExpiresAt string json:"session_expires_at,omitempty"
userStatusResult.SessionExpired *bool json:"session_expired,omitempty"
userStatusResult.SessionRemainingSeconds int64 json:"session_remaining_seconds,omitempty"
